python : Warning: You are sending unauthenticated requests to the HF Hub. Please set a HF_TOKEN to enable higher rate l
imits and faster downloads.
At line:1 char:56
+ ... tivate.ps1; python test_pipeline_direct.py > test_output.txt 2>&1; Wr ...
+                 ~~~~~~~~~~~~~~~~~~~~~~~~~~~~~~~~~~~~~~~~~~~~~~~~~~~~~
    + CategoryInfo          : NotSpecified: (Warning: You ar...ster downloads.:String) [], RemoteException
    + FullyQualifiedErrorId : NativeCommandError
 

Loading weights:   0%|          | 0/103 [00:00<?, ?it/s]
Loading weights: 100%|��������������������| 103/103 [00:00<00:00, 11005.31it/s]

Loading weights:   0%|          | 0/105 [00:00<?, ?it/s]
Loading weights: 100%|��������������������| 105/105 [00:00<00:00, 9811.57it/s]
Pipeline built with LLM: ChatOpenAI
Model: deepseek-chat

--- Running full pipeline ---

{
  "request_id": "31f10955-87c3-49ea-a831-beabf4ab2bfa",
  "patient_id": "P001",
  "status": "completed",
  "results": {
    "structured_data": {
      "demographics": {
        "age": 65,
        "gender": "male"
      },
      "chief_complaint": "",
      "present_illness": "chest tightness and shortness of breath for 3 days",
      "medical_history": [
        "hypertension for 10 years. Vitals: BP 150/95 mmHg",
        "HR 82 bpm."
      ],
      "surgical_history": [],
      "family_history": [],
      "allergies": [],
      "medications": [],
      "vitals": {
        "bp": "150/95",
        "heart_rate": "82"
      },
      "physical_exam": {},
      "lab_results": [],
      "imaging": []
    },
    "icd_codes": [
      {
        "code": "I10",
        "description": "Essential (primary) hypertension",
        "confidence": 0.95,
        "source_text": "hypertension for 10 years. Vitals: BP 150/95 mmHg"
      },
      {
        "code": "R07.89",
        "description": "Other chest pain",
        "confidence": 0.8,
        "source_text": "chest tightness and shortness of breath for 3 days"
      },
      {
        "code": "R06.02",
        "description": "Shortness of breath",
        "confidence": 0.9,
        "source_text": "chest tightness and shortness of breath for 3 days"
      }
    ],
    "guideline_recommendations": [],
    "compliance_report": {
      "hipaa_compliant": true,
      "phi_detected": false,
      "phi_fields": [],
      "warnings": [
        "Recommended field 'chief_complaint' is empty."
      ],
      "recommendations": [
        "No clinical guidelines were retrieved. Verify knowledge base is populated."
      ]
    },
    "safety_report": {
      "hallucination_risk": "low",
      "fact_check_passed": true,
      "confidence_score": 0.95,
      "flagged_claims": [],
      "corrections": []
    }
  },
  "metadata": {
    "processing_time_seconds": 5.64,
    "agent_timings": {
      "cleaner": 1.9516746997833252,
      "coder": 2.3993074893951416,
      "retriever": 0.03582262992858887,
      "reviewer": 0.0,
      "safety": 1.252718210220337
    },
    "agents_executed": [
      "cleaner",
      "coder",
      "retriever",
      "reviewer",
      "safety"
    ],
    "retry_count": 0
  }
}
